
> frontend@0.0.0 build
> tsc -b && vite build

src/pages/inventory/HistoryDetailPage.tsx(23,36): error TS2345: Argument of type 'PartRequest' is not assignable to parameter of type 'SetStateAction<HistoryItem | null>'.
  Type 'PartRequest' is missing the following properties from type 'HistoryItem': approvedAt, status
src/pages/inventory/PurchaseOrdersPage.tsx(28,10): error TS6133: 'isLoading' is declared but its value is never read.
